// Jest Snapshot v1, https://goo.gl/fbAQLP

exports[`single fields hidden field 1`] = `
<form
  className="rjsf"
  noValidate={false}
  onSubmit={[Function]}
>
  <div
    className="form-group field field-object"
  >
    <fieldset
      id="root"
    >
      <div
        className="ant-row"
        style={
          Object {
            "marginLeft": -12,
            "marginRight": -12,
          }
        }
      />
    </fieldset>
  </div>
  <div>
    <button
      className="btn btn-info"
      type="submit"
    >
      Submit
    </button>
  </div>
</form>
`;

exports[`single fields null field 1`] = `
<form
  className="rjsf"
  noValidate={false}
  onSubmit={[Function]}
>
  <div
    className="form-group field field-null"
  />
  <div>
    <button
      className="btn btn-info"
      type="submit"
    >
      Submit
    </button>
  </div>
</form>
`;

exports[`single fields number field 1`] = `
<form
  className="rjsf"
  noValidate={false}
  onSubmit={[Function]}
>
  <div
    className="form-group field field-number"
  >
    <div
      className="ant-input-number"
      style={
        Object {
          "width": "100%",
        }
      }
    >
      <div
        className="ant-input-number-handler-wrap"
      >
        <span
          aria-disabled={false}
          aria-label="Increase Value"
          className="ant-input-number-handler ant-input-number-handler-up "
          onMouseDown={[Function]}
          onMouseLeave={[Function]}
          onMouseUp={[Function]}
          onTouchCancel={[Function]}
          onTouchEnd={[Function]}
          onTouchMove={[Function]}
          onTouchStart={[Function]}
          role="button"
          unselectable="unselectable"
        >
          <span
            aria-label="up"
            className="anticon anticon-up ant-input-number-handler-up-inner"
            role="img"
          >
            <svg
              aria-hidden="true"
              className=""
              data-icon="up"
              fill="currentColor"
              focusable="false"
              height="1em"
              viewBox="64 64 896 896"
              width="1em"
            >
              <path
                d="M890.5 755.3L537.9 269.2c-12.8-17.6-39-17.6-51.7 0L133.5 755.3A8 8 0 00140 768h75c5.1 0 9.9-2.5 12.9-6.6L512 369.8l284.1 391.6c3 4.1 7.8 6.6 12.9 6.6h75c6.5 0 10.3-7.4 6.5-12.7z"
              />
            </svg>
          </span>
        </span>
        <span
          aria-disabled={false}
          aria-label="Decrease Value"
          className="ant-input-number-handler ant-input-number-handler-down "
          onMouseDown={[Function]}
          onMouseLeave={[Function]}
          onMouseUp={[Function]}
          onTouchCancel={[Function]}
          onTouchEnd={[Function]}
          onTouchMove={[Function]}
          onTouchStart={[Function]}
          role="button"
          unselectable="unselectable"
        >
          <span
            aria-label="down"
            className="anticon anticon-down ant-input-number-handler-down-inner"
            role="img"
          >
            <svg
              aria-hidden="true"
              className=""
              data-icon="down"
              fill="currentColor"
              focusable="false"
              height="1em"
              viewBox="64 64 896 896"
              width="1em"
            >
              <path
                d="M884 256h-75c-5.1 0-9.9 2.5-12.9 6.6L512 654.2 227.9 262.6c-3-4.1-7.8-6.6-12.9-6.6h-75c-6.5 0-10.3 7.4-6.5 12.7l352.6 486.1c12.8 17.6 39 17.6 51.7 0l352.6-486.1c3.9-5.3.1-12.7-6.4-12.7z"
              />
            </svg>
          </span>
        </span>
      </div>
      <div
        className="ant-input-number-input-wrap"
      >
        <input
          aria-valuemin={-9007199254740991}
          autoComplete="off"
          className="ant-input-number-input"
          disabled={false}
          id="root"
          min={-9007199254740991}
          name="root"
          onBlur={[Function]}
          onChange={[Function]}
          onFocus={[Function]}
          onKeyDown={[Function]}
          onKeyUp={[Function]}
          onMouseUp={[Function]}
          placeholder=""
          required={false}
          role="spinbutton"
          step={1}
          type="number"
          value=""
        />
      </div>
    </div>
  </div>
  <div>
    <button
      className="btn btn-info"
      type="submit"
    >
      Submit
    </button>
  </div>
</form>
`;

exports[`single fields string field format data-url 1`] = `
<form
  className="rjsf"
  noValidate={false}
  onSubmit={[Function]}
>
  <div
    className="form-group field field-string"
  >
    <div>
      <p>
        <input
          autoFocus={false}
          defaultValue=""
          disabled={false}
          id="root"
          onChange={[Function]}
          type="file"
        />
      </p>
    </div>
  </div>
  <div>
    <button
      className="btn btn-info"
      type="submit"
    >
      Submit
    </button>
  </div>
</form>
`;

exports[`single fields string field format email 1`] = `
<form
  className="rjsf"
  noValidate={false}
  onSubmit={[Function]}
>
  <div
    className="form-group field field-string"
  >
    <input
      className="ant-input"
      disabled={false}
      id="root"
      name="root"
      onBlur={[Function]}
      onChange={[Function]}
      onFocus={[Function]}
      onKeyDown={[Function]}
      placeholder=""
      style={
        Object {
          "width": "100%",
        }
      }
      type="email"
      value=""
    />
  </div>
  <div>
    <button
      className="btn btn-info"
      type="submit"
    >
      Submit
    </button>
  </div>
</form>
`;

exports[`single fields string field format uri 1`] = `
<form
  className="rjsf"
  noValidate={false}
  onSubmit={[Function]}
>
  <div
    className="form-group field field-string"
  >
    <input
      className="ant-input"
      disabled={false}
      id="root"
      name="root"
      onBlur={[Function]}
      onChange={[Function]}
      onFocus={[Function]}
      onKeyDown={[Function]}
      placeholder=""
      style={
        Object {
          "width": "100%",
        }
      }
      type="url"
      value=""
    />
  </div>
  <div>
    <button
      className="btn btn-info"
      type="submit"
    >
      Submit
    </button>
  </div>
</form>
`;

exports[`single fields string field regular 1`] = `
<form
  className="rjsf"
  noValidate={false}
  onSubmit={[Function]}
>
  <div
    className="form-group field field-string"
  >
    <input
      className="ant-input"
      disabled={false}
      id="root"
      name="root"
      onBlur={[Function]}
      onChange={[Function]}
      onFocus={[Function]}
      onKeyDown={[Function]}
      placeholder=""
      style={
        Object {
          "width": "100%",
        }
      }
      type="text"
      value=""
    />
  </div>
  <div>
    <button
      className="btn btn-info"
      type="submit"
    >
      Submit
    </button>
  </div>
</form>
`;

exports[`single fields unsupported field 1`] = `
<form
  className="rjsf"
  noValidate={false}
  onSubmit={[Function]}
>
  <div
    className="form-group field field-undefined"
  >
    <div
      className="unsupported-field"
    >
      <p>
        Unsupported field schema
        <span>
           for
           field 
          <code>
            root
          </code>
        </span>
        <em>
          : 
          Unknown field type undefined
        </em>
        .
      </p>
      <pre>
        {}
      </pre>
    </div>
  </div>
  <div>
    <button
      className="btn btn-info"
      type="submit"
    >
      Submit
    </button>
  </div>
</form>
`;
