// Jest Snapshot v1, https://goo.gl/fbAQLP

exports[`object fields object 1`] = `
<form
  className="rjsf"
  noValidate={false}
  onSubmit={[Function]}
>
  <div
    className="form-group field field-object"
  >
    <fieldset
      id="root"
    >
      <div
        className="ant-row"
        style={
          Object {
            "marginLeft": -12,
            "marginRight": -12,
          }
        }
      >
        <div
          className="ant-col ant-col-24"
          style={
            Object {
              "paddingLeft": 12,
              "paddingRight": 12,
            }
          }
        >
          <div
            className="form-group field field-string"
          >
            <div
              className="ant-row ant-form-item"
              style={Object {}}
            >
              <div
                className="ant-col ant-col-24 ant-form-item-label"
                style={Object {}}
              >
                <label
                  className=""
                  htmlFor="root_a"
                  title="a"
                >
                  a
                </label>
              </div>
              <div
                className="ant-col ant-col-24 ant-form-item-control"
                style={Object {}}
              >
                <div
                  className="ant-form-item-control-input"
                >
                  <div
                    className="ant-form-item-control-input-content"
                  >
                    <input
                      className="ant-input"
                      disabled={false}
                      id="root_a"
                      name="root_a"
                      onBlur={[Function]}
                      onChange={[Function]}
                      onFocus={[Function]}
                      onKeyDown={[Function]}
                      placeholder=""
                      style={
                        Object {
                          "width": "100%",
                        }
                      }
                      type="text"
                      value=""
                    />
                  </div>
                </div>
              </div>
            </div>
          </div>
        </div>
        <div
          className="ant-col ant-col-24"
          style={
            Object {
              "paddingLeft": 12,
              "paddingRight": 12,
            }
          }
        >
          <div
            className="form-group field field-number"
          >
            <div
              className="ant-row ant-form-item"
              style={Object {}}
            >
              <div
                className="ant-col ant-col-24 ant-form-item-label"
                style={Object {}}
              >
                <label
                  className=""
                  htmlFor="root_b"
                  title="b"
                >
                  b
                </label>
              </div>
              <div
                className="ant-col ant-col-24 ant-form-item-control"
                style={Object {}}
              >
                <div
                  className="ant-form-item-control-input"
                >
                  <div
                    className="ant-form-item-control-input-content"
                  >
                    <div
                      className="ant-input-number"
                      style={
                        Object {
                          "width": "100%",
                        }
                      }
                    >
                      <div
                        className="ant-input-number-handler-wrap"
                      >
                        <span
                          aria-disabled={false}
                          aria-label="Increase Value"
                          className="ant-input-number-handler ant-input-number-handler-up "
                          onMouseDown={[Function]}
                          onMouseLeave={[Function]}
                          onMouseUp={[Function]}
                          onTouchCancel={[Function]}
                          onTouchEnd={[Function]}
                          onTouchMove={[Function]}
                          onTouchStart={[Function]}
                          role="button"
                          unselectable="unselectable"
                        >
                          <span
                            aria-label="up"
                            className="anticon anticon-up ant-input-number-handler-up-inner"
                            role="img"
                          >
                            <svg
                              aria-hidden="true"
                              className=""
                              data-icon="up"
                              fill="currentColor"
                              focusable="false"
                              height="1em"
                              viewBox="64 64 896 896"
                              width="1em"
                            >
                              <path
                                d="M890.5 755.3L537.9 269.2c-12.8-17.6-39-17.6-51.7 0L133.5 755.3A8 8 0 00140 768h75c5.1 0 9.9-2.5 12.9-6.6L512 369.8l284.1 391.6c3 4.1 7.8 6.6 12.9 6.6h75c6.5 0 10.3-7.4 6.5-12.7z"
                              />
                            </svg>
                          </span>
                        </span>
                        <span
                          aria-disabled={false}
                          aria-label="Decrease Value"
                          className="ant-input-number-handler ant-input-number-handler-down "
                          onMouseDown={[Function]}
                          onMouseLeave={[Function]}
                          onMouseUp={[Function]}
                          onTouchCancel={[Function]}
                          onTouchEnd={[Function]}
                          onTouchMove={[Function]}
                          onTouchStart={[Function]}
                          role="button"
                          unselectable="unselectable"
                        >
                          <span
                            aria-label="down"
                            className="anticon anticon-down ant-input-number-handler-down-inner"
                            role="img"
                          >
                            <svg
                              aria-hidden="true"
                              className=""
                              data-icon="down"
                              fill="currentColor"
                              focusable="false"
                              height="1em"
                              viewBox="64 64 896 896"
                              width="1em"
                            >
                              <path
                                d="M884 256h-75c-5.1 0-9.9 2.5-12.9 6.6L512 654.2 227.9 262.6c-3-4.1-7.8-6.6-12.9-6.6h-75c-6.5 0-10.3 7.4-6.5 12.7l352.6 486.1c12.8 17.6 39 17.6 51.7 0l352.6-486.1c3.9-5.3.1-12.7-6.4-12.7z"
                              />
                            </svg>
                          </span>
                        </span>
                      </div>
                      <div
                        className="ant-input-number-input-wrap"
                      >
                        <input
                          aria-valuemin={-9007199254740991}
                          autoComplete="off"
                          className="ant-input-number-input"
                          disabled={false}
                          id="root_b"
                          min={-9007199254740991}
                          name="root_b"
                          onBlur={[Function]}
                          onChange={[Function]}
                          onFocus={[Function]}
                          onKeyDown={[Function]}
                          onKeyUp={[Function]}
                          onMouseUp={[Function]}
                          placeholder=""
                          required={false}
                          role="spinbutton"
                          step={1}
                          type="number"
                          value=""
                        />
                      </div>
                    </div>
                  </div>
                </div>
              </div>
            </div>
          </div>
        </div>
      </div>
    </fieldset>
  </div>
  <div>
    <button
      className="btn btn-info"
      type="submit"
    >
      Submit
    </button>
  </div>
</form>
`;
