// Jest Snapshot v1, https://goo.gl/fbAQLP

exports[`AddButton simple 1`] = `
<button
  className="ml-1 btn btn-primary"
  color="primary"
  disabled={false}
  onClick={[Function]}
  style={
    Object {
      "width": "100%",
    }
  }
  type="button"
>
  <svg
    fill="currentColor"
    height="1em"
    stroke="currentColor"
    strokeWidth="0"
    style={
      Object {
        "color": undefined,
      }
    }
    viewBox="0 0 16 16"
    width="1em"
    xmlns="http://www.w3.org/2000/svg"
  >
    <path
      clipRule="evenodd"
      d="M8 3.5a.5.5 0 01.5.5v4a.5.5 0 01-.5.5H4a.5.5 0 010-1h3.5V4a.5.5 0 01.5-.5z"
      fillRule="evenodd"
    />
    <path
      clipRule="evenodd"
      d="M7.5 8a.5.5 0 01.5-.5h4a.5.5 0 010 1H8.5V12a.5.5 0 01-1 0V8z"
      fillRule="evenodd"
    />
  </svg>
</button>
`;
