// Jest Snapshot v1, https://goo.gl/fbAQLP

exports[`CheckboxesWidget inline 1`] = `
Array [
  <label
    className="form-label"
    htmlFor="_id"
  >
    Some simple label
  </label>,
  <div
    className="form-group"
  >
    <form
      className=""
    >
      <div
        className="bg-transparent border-0 custom-control custom-checkbox custom-control-inline"
      >
        <input
          autoFocus={true}
          checked={true}
          className="custom-control-input position-static"
          disabled={true}
          id="_id_0"
          onBlur={[Function]}
          onChange={[Function]}
          onFocus={[Function]}
          required={true}
          type="checkbox"
        />
      </div>
    </form>
  </div>,
]
`;

exports[`CheckboxesWidget simple 1`] = `
Array [
  <label
    className="form-label"
    htmlFor="_id"
  >
    Some simple label
  </label>,
  <div
    className="form-group"
  >
    <form
      className=""
    >
      <div
        className="bg-transparent border-0 custom-control custom-checkbox"
      >
        <input
          autoFocus={true}
          checked={true}
          className="custom-control-input position-static"
          disabled={true}
          id="_id_0"
          onBlur={[Function]}
          onChange={[Function]}
          onFocus={[Function]}
          required={true}
          type="checkbox"
        />
      </div>
    </form>
  </div>,
]
`;
