// Jest Snapshot v1, https://goo.gl/fbAQLP

exports[`CheckboxWidget simple 1`] = `
<div
  className="checkbox disabled form-group"
>
  <div
    className="form-check"
  >
    <input
      autoFocus={true}
      checked="value"
      className="form-check-input"
      disabled={true}
      id="_id"
      onBlur={[Function]}
      onChange={[Function]}
      onFocus={[Function]}
      required={true}
      type="checkbox"
    />
    <label
      className="form-check-label"
      htmlFor="_id"
      title=""
    >
      Some simple label
    </label>
  </div>
</div>
`;
