// Jest Snapshot v1, https://goo.gl/fbAQLP

exports[`TextWidget simple 1`] = `
<div
  className="mb-0 form-group"
>
  <label
    className="text-danger form-label"
  >
    Some simple label
    *
  </label>
  <input
    autoFocus={true}
    className="is-invalid form-control"
    disabled={false}
    id="_id"
    onBlur={[Function]}
    onChange={[Function]}
    onFocus={[Function]}
    placeholder=""
    readOnly={true}
    required={true}
    type="array"
    value="value"
  />
</div>
`;
