// Jest Snapshot v1, https://goo.gl/fbAQLP

exports[`TitleField simple 1`] = `
<div
  className="my-1"
>
  <h5>
    Hello
  </h5>
  <hr
    className="border-0 bg-secondary"
    style={
      Object {
        "height": "1px",
      }
    }
  />
</div>
`;
