// Jest Snapshot v1, https://goo.gl/fbAQLP

exports[`UpDownWidget renders 0 as 0 and not '' 1`] = `
<div
  className="mb-0 form-group"
>
  <label
    className="form-label"
  >
    Some simple label
    *
  </label>
  <input
    autoFocus={true}
    className="form-control"
    disabled={false}
    id="_id"
    onBlur={[Function]}
    onChange={[Function]}
    onFocus={[Function]}
    readOnly={true}
    required={true}
    type="number"
    value={0}
  />
</div>
`;
