// Jest Snapshot v1, https://goo.gl/fbAQLP

exports[`UpDownWidget renders 0 as 0 and not '' 1`] = `
<div
  className="MuiFormControl-root MuiFormControl-fullWidth"
>
  <label
    className="MuiFormLabel-root MuiInputLabel-root MuiInputLabel-formControl MuiInputLabel-animated MuiInputLabel-shrink MuiFormLabel-filled Mui-required Mui-required"
    data-shrink={true}
  >
    Some simple label
    <span
      className="MuiFormLabel-asterisk MuiInputLabel-asterisk"
    >
      â€‰
      *
    </span>
  </label>
  <div
    className="MuiInputBase-root MuiInput-root MuiInput-underline Mui-disabled Mui-disabled MuiInputBase-formControl MuiInput-formControl"
    onClick={[Function]}
    required={true}
  >
    <input
      aria-invalid={false}
      autoFocus={true}
      className="MuiInputBase-input MuiInput-input Mui-disabled Mui-disabled"
      disabled={true}
      id="_id"
      onAnimationStart={[Function]}
      onBlur={[Function]}
      onChange={[Function]}
      onFocus={[Function]}
      required={true}
      type="number"
      value={0}
    />
  </div>
</div>
`;
