// Jest Snapshot v1, https://goo.gl/fbAQLP

exports[`hashForSchema returns a hash for a more complex schema 1`] = `"7cf4cd8a"`;

exports[`hashForSchema returns a hash for a tiny schema 1`] = `"2faae26f"`;
