// Jest Snapshot v1, https://goo.gl/fbAQLP

exports[`array fields array 1`] = `
<form
  className="rjsf"
  noValidate={false}
  onSubmit={[Function]}
>
  <div
    className="ms-Grid-col ms-sm12  field field-array"
    style={
      Object {
        "display": undefined,
        "marginBottom": 15,
      }
    }
  >
    <span
      style={
        Object {
          "float": "right",
        }
      }
    >
      <button
        className="ms-Button ms-Button--commandBar array-item-add root-41"
        data-is-focusable={true}
        onClick={[Function]}
        onKeyDown={[Function]}
        onKeyPress={[Function]}
        onKeyUp={[Function]}
        onMouseDown={[Function]}
        onMouseUp={[Function]}
        style={
          Object {
            "height": "32px",
          }
        }
        type="button"
      >
        <span
          className="ms-Button-flexContainer flexContainer-42"
          data-automationid="splitbuttonprimary"
        >
          <i
            aria-hidden={true}
            className="ms-Icon root-37 css-49 ms-Button-icon icon-44"
            data-icon-name="Add"
            role="presentation"
            style={
              Object {
                "fontFamily": "\\"FabricMDL2Icons\\"",
              }
            }
          >
            
          </i>
          <span
            className="ms-Button-textContainer textContainer-43"
          >
            <span
              className="ms-Button-label label-45"
              id="id__1"
            >
              Add item
            </span>
          </span>
        </span>
      </button>
    </span>
  </div>
  <div>
    <br />
    <div
      className="ms-Grid-col ms-sm12"
    >
      <button
        className="ms-Button ms-Button--primary root-50"
        data-is-focusable={true}
        onClick={[Function]}
        onKeyDown={[Function]}
        onKeyPress={[Function]}
        onKeyUp={[Function]}
        onMouseDown={[Function]}
        onMouseUp={[Function]}
        type="submit"
      >
        <span
          className="ms-Button-flexContainer flexContainer-42"
          data-automationid="splitbuttonprimary"
        >
          <span
            className="ms-Button-textContainer textContainer-43"
          >
            <span
              className="ms-Button-label label-52"
              id="id__4"
            >
              Submit
            </span>
          </span>
        </span>
      </button>
    </div>
  </div>
</form>
`;

exports[`array fields checkboxes 1`] = `
<form
  className="rjsf"
  noValidate={false}
  onSubmit={[Function]}
>
  <div
    className="ms-Grid-col ms-sm12  field field-array"
    style={
      Object {
        "display": undefined,
        "marginBottom": 15,
      }
    }
  >
    <label
      className="ms-Label root-69"
    />
    <div
      className="ms-Dropdown-container"
    >
      <div
        aria-disabled={false}
        aria-expanded="false"
        aria-haspopup="listbox"
        aria-required={false}
        className="ms-Dropdown dropdown-70"
        data-is-focusable={true}
        id="Dropdown34"
        onBlur={[Function]}
        onChange={[Function]}
        onClick={[Function]}
        onFocus={[Function]}
        onKeyDown={[Function]}
        onKeyUp={[Function]}
        onMouseDown={[Function]}
        role="button"
        tabIndex={0}
      >
        <span
          aria-atomic={true}
          aria-invalid={false}
          aria-live="polite"
          className="ms-Dropdown-title ms-Dropdown-titleIsPlaceHolder title-71"
          id="Dropdown34-option"
        />
        <span
          className="ms-Dropdown-caretDownWrapper caretDownWrapper-72"
        >
          <i
            aria-hidden={true}
            className="ms-Dropdown-caretDown caretDown-86"
            data-icon-name="ChevronDown"
          >
            
          </i>
        </span>
      </div>
    </div>
  </div>
  <div>
    <br />
    <div
      className="ms-Grid-col ms-sm12"
    >
      <button
        className="ms-Button ms-Button--primary root-50"
        data-is-focusable={true}
        onClick={[Function]}
        onKeyDown={[Function]}
        onKeyPress={[Function]}
        onKeyUp={[Function]}
        onMouseDown={[Function]}
        onMouseUp={[Function]}
        type="submit"
      >
        <span
          className="ms-Button-flexContainer flexContainer-42"
          data-automationid="splitbuttonprimary"
        >
          <span
            className="ms-Button-textContainer textContainer-43"
          >
            <span
              className="ms-Button-label label-52"
              id="id__35"
            >
              Submit
            </span>
          </span>
        </span>
      </button>
    </div>
  </div>
</form>
`;

exports[`array fields fixed array 1`] = `
<form
  className="rjsf"
  noValidate={false}
  onSubmit={[Function]}
>
  <div
    className="ms-Grid-col ms-sm12  field field-array"
    style={
      Object {
        "display": undefined,
        "marginBottom": 15,
      }
    }
  >
    <div
      className="ms-Grid"
      dir="ltr"
    >
      <div
        className="ms-Grid-row"
      >
        <div
          className="ms-Grid-col ms-sm6 ms-md8 ms-lg9"
        >
          <div
            className="ms-Grid-row"
          >
            <div
              className="ms-Grid-col ms-sm12  field field-string"
              style={
                Object {
                  "display": undefined,
                  "marginBottom": 15,
                }
              }
            >
              <div
                className="ms-TextField is-required root-55"
              >
                <div
                  className="ms-TextField-wrapper"
                >
                  <div
                    className="ms-TextField-fieldGroup fieldGroup-56"
                  >
                    <input
                      aria-invalid={false}
                      autoFocus={false}
                      className="ms-TextField-field field-57"
                      disabled={false}
                      id="root_0"
                      onBlur={[Function]}
                      onChange={[Function]}
                      onFocus={[Function]}
                      onInput={[Function]}
                      placeholder=""
                      readOnly={false}
                      required={true}
                      type="text"
                      value=""
                    />
                  </div>
                </div>
              </div>
            </div>
          </div>
        </div>
        <div
          className="ms-Grid-col ms-sm6 ms-md4 ms-lg3"
          style={
            Object {
              "textAlign": "right",
            }
          }
        >
          <button
            aria-disabled={true}
            className="ms-Button ms-Button--icon is-disabled root-63"
            data-is-focusable={false}
            disabled={true}
            onClick={[Function]}
            onKeyDown={[Function]}
            onKeyPress={[Function]}
            onKeyUp={[Function]}
            onMouseDown={[Function]}
            onMouseUp={[Function]}
            type="button"
          >
            <span
              className="ms-Button-flexContainer flexContainer-42"
              data-automationid="splitbuttonprimary"
            >
              <i
                aria-hidden={true}
                className="ms-Icon root-37 css-67 ms-Button-icon icon-64"
                data-icon-name="Up"
                role="presentation"
                style={
                  Object {
                    "fontFamily": "\\"FabricMDL2Icons-0\\"",
                  }
                }
              >
                
              </i>
            </span>
          </button>
          <button
            aria-disabled={true}
            className="ms-Button ms-Button--icon is-disabled root-63"
            data-is-focusable={false}
            disabled={true}
            onClick={[Function]}
            onKeyDown={[Function]}
            onKeyPress={[Function]}
            onKeyUp={[Function]}
            onMouseDown={[Function]}
            onMouseUp={[Function]}
            type="button"
          >
            <span
              className="ms-Button-flexContainer flexContainer-42"
              data-automationid="splitbuttonprimary"
            >
              <i
                aria-hidden={true}
                className="ms-Icon root-37 css-67 ms-Button-icon icon-64"
                data-icon-name="Down"
                role="presentation"
                style={
                  Object {
                    "fontFamily": "\\"FabricMDL2Icons-0\\"",
                  }
                }
              >
                
              </i>
            </span>
          </button>
          <button
            className="ms-Button ms-Button--icon root-68"
            data-is-focusable={true}
            onClick={[Function]}
            onKeyDown={[Function]}
            onKeyPress={[Function]}
            onKeyUp={[Function]}
            onMouseDown={[Function]}
            onMouseUp={[Function]}
            type="button"
          >
            <span
              className="ms-Button-flexContainer flexContainer-42"
              data-automationid="splitbuttonprimary"
            >
              <i
                aria-hidden={true}
                className="ms-Icon root-37 css-49 ms-Button-icon icon-51"
                data-icon-name="Delete"
                role="presentation"
                style={
                  Object {
                    "fontFamily": "\\"FabricMDL2Icons\\"",
                  }
                }
              >
                
              </i>
            </span>
          </button>
        </div>
      </div>
    </div>
    <div
      className="ms-Grid"
      dir="ltr"
    >
      <div
        className="ms-Grid-row"
      >
        <div
          className="ms-Grid-col ms-sm6 ms-md8 ms-lg9"
        >
          <div
            className="ms-Grid-row"
          >
            <div
              className="ms-Grid-col ms-sm12  field field-number"
              style={
                Object {
                  "display": undefined,
                  "marginBottom": 15,
                }
              }
            >
              <div
                className="ms-TextField is-required root-55"
              >
                <div
                  className="ms-TextField-wrapper"
                >
                  <div
                    className="ms-TextField-fieldGroup fieldGroup-56"
                  >
                    <input
                      aria-invalid={false}
                      autoFocus={false}
                      className="ms-TextField-field field-57"
                      disabled={false}
                      id="root_1"
                      onBlur={[Function]}
                      onChange={[Function]}
                      onFocus={[Function]}
                      onInput={[Function]}
                      placeholder=""
                      readOnly={false}
                      required={true}
                      type="number"
                      value=""
                    />
                  </div>
                </div>
              </div>
            </div>
          </div>
        </div>
        <div
          className="ms-Grid-col ms-sm6 ms-md4 ms-lg3"
          style={
            Object {
              "textAlign": "right",
            }
          }
        >
          <button
            aria-disabled={true}
            className="ms-Button ms-Button--icon is-disabled root-63"
            data-is-focusable={false}
            disabled={true}
            onClick={[Function]}
            onKeyDown={[Function]}
            onKeyPress={[Function]}
            onKeyUp={[Function]}
            onMouseDown={[Function]}
            onMouseUp={[Function]}
            type="button"
          >
            <span
              className="ms-Button-flexContainer flexContainer-42"
              data-automationid="splitbuttonprimary"
            >
              <i
                aria-hidden={true}
                className="ms-Icon root-37 css-67 ms-Button-icon icon-64"
                data-icon-name="Up"
                role="presentation"
                style={
                  Object {
                    "fontFamily": "\\"FabricMDL2Icons-0\\"",
                  }
                }
              >
                
              </i>
            </span>
          </button>
          <button
            aria-disabled={true}
            className="ms-Button ms-Button--icon is-disabled root-63"
            data-is-focusable={false}
            disabled={true}
            onClick={[Function]}
            onKeyDown={[Function]}
            onKeyPress={[Function]}
            onKeyUp={[Function]}
            onMouseDown={[Function]}
            onMouseUp={[Function]}
            type="button"
          >
            <span
              className="ms-Button-flexContainer flexContainer-42"
              data-automationid="splitbuttonprimary"
            >
              <i
                aria-hidden={true}
                className="ms-Icon root-37 css-67 ms-Button-icon icon-64"
                data-icon-name="Down"
                role="presentation"
                style={
                  Object {
                    "fontFamily": "\\"FabricMDL2Icons-0\\"",
                  }
                }
              >
                
              </i>
            </span>
          </button>
          <button
            className="ms-Button ms-Button--icon root-68"
            data-is-focusable={true}
            onClick={[Function]}
            onKeyDown={[Function]}
            onKeyPress={[Function]}
            onKeyUp={[Function]}
            onMouseDown={[Function]}
            onMouseUp={[Function]}
            type="button"
          >
            <span
              className="ms-Button-flexContainer flexContainer-42"
              data-automationid="splitbuttonprimary"
            >
              <i
                aria-hidden={true}
                className="ms-Icon root-37 css-49 ms-Button-icon icon-51"
                data-icon-name="Delete"
                role="presentation"
                style={
                  Object {
                    "fontFamily": "\\"FabricMDL2Icons\\"",
                  }
                }
              >
                
              </i>
            </span>
          </button>
        </div>
      </div>
    </div>
  </div>
  <div>
    <br />
    <div
      className="ms-Grid-col ms-sm12"
    >
      <button
        className="ms-Button ms-Button--primary root-50"
        data-is-focusable={true}
        onClick={[Function]}
        onKeyDown={[Function]}
        onKeyPress={[Function]}
        onKeyUp={[Function]}
        onMouseDown={[Function]}
        onMouseUp={[Function]}
        type="submit"
      >
        <span
          className="ms-Button-flexContainer flexContainer-42"
          data-automationid="splitbuttonprimary"
        >
          <span
            className="ms-Button-textContainer textContainer-43"
          >
            <span
              className="ms-Button-label label-52"
              id="id__31"
            >
              Submit
            </span>
          </span>
        </span>
      </button>
    </div>
  </div>
</form>
`;
