// Jest Snapshot v1, https://goo.gl/fbAQLP

exports[`object fields object 1`] = `
<form
  className="rjsf"
  noValidate={false}
  onSubmit={[Function]}
>
  <div
    className="ms-Grid-col ms-sm12  field field-object"
    style={
      Object {
        "display": undefined,
        "marginBottom": 15,
      }
    }
  >
    <div
      className="ms-Grid"
      dir="ltr"
    >
      <div
        className="ms-Grid-row"
      >
        <div
          className="ms-Grid-col ms-sm12  field field-string"
          style={
            Object {
              "display": undefined,
              "marginBottom": 15,
            }
          }
        >
          <div
            className="ms-TextField root-42"
          >
            <div
              className="ms-TextField-wrapper"
            >
              <label
                className="ms-Label root-50"
                htmlFor="root_a"
                id="TextFieldLabel3"
              >
                a
              </label>
              <div
                className="ms-TextField-fieldGroup fieldGroup-43"
              >
                <input
                  aria-invalid={false}
                  aria-labelledby="TextFieldLabel3"
                  autoFocus={false}
                  className="ms-TextField-field field-44"
                  disabled={false}
                  id="root_a"
                  onBlur={[Function]}
                  onChange={[Function]}
                  onFocus={[Function]}
                  onInput={[Function]}
                  placeholder=""
                  readOnly={false}
                  required={false}
                  type="text"
                  value=""
                />
              </div>
            </div>
          </div>
        </div>
        <div
          className="ms-Grid-col ms-sm12  field field-number"
          style={
            Object {
              "display": undefined,
              "marginBottom": 15,
            }
          }
        >
          <div
            className="ms-TextField root-42"
          >
            <div
              className="ms-TextField-wrapper"
            >
              <label
                className="ms-Label root-50"
                htmlFor="root_b"
                id="TextFieldLabel6"
              >
                b
              </label>
              <div
                className="ms-TextField-fieldGroup fieldGroup-43"
              >
                <input
                  aria-invalid={false}
                  aria-labelledby="TextFieldLabel6"
                  autoFocus={false}
                  className="ms-TextField-field field-44"
                  disabled={false}
                  id="root_b"
                  onBlur={[Function]}
                  onChange={[Function]}
                  onFocus={[Function]}
                  onInput={[Function]}
                  placeholder=""
                  readOnly={false}
                  required={false}
                  type="number"
                  value=""
                />
              </div>
            </div>
          </div>
        </div>
      </div>
    </div>
  </div>
  <div>
    <br />
    <div
      className="ms-Grid-col ms-sm12"
    >
      <button
        className="ms-Button ms-Button--primary root-51"
        data-is-focusable={true}
        onClick={[Function]}
        onKeyDown={[Function]}
        onKeyPress={[Function]}
        onKeyUp={[Function]}
        onMouseDown={[Function]}
        onMouseUp={[Function]}
        type="submit"
      >
        <span
          className="ms-Button-flexContainer flexContainer-52"
          data-automationid="splitbuttonprimary"
        >
          <span
            className="ms-Button-textContainer textContainer-53"
          >
            <span
              className="ms-Button-label label-55"
              id="id__7"
            >
              Submit
            </span>
          </span>
        </span>
      </button>
    </div>
  </div>
</form>
`;
