// Jest Snapshot v1, https://goo.gl/fbAQLP

exports[`single fields null field 1`] = `
<form
  className="ui form rjsf"
  noValidate={false}
  onSubmit={[Function]}
>
  <div
    className="grouped equal width fields"
  />
  <button
    className="ui primary button"
    onClick={[Function]}
    type="submit"
  >
    Submit
  </button>
</form>
`;

exports[`single fields number field 1`] = `
<form
  className="ui form rjsf"
  noValidate={false}
  onSubmit={[Function]}
>
  <div
    className="grouped equal width fields"
  >
    <div
      className="field"
    >
      <div
        className="ui fluid input"
      >
        <input
          autoFocus={false}
          disabled={false}
          id="root"
          onBlur={[Function]}
          onChange={[Function]}
          onFocus={[Function]}
          placeholder=""
          type="number"
          value=""
        />
      </div>
    </div>
  </div>
  <button
    className="ui primary button"
    onClick={[Function]}
    type="submit"
  >
    Submit
  </button>
</form>
`;

exports[`single fields string field format data-url 1`] = `
<form
  className="ui form rjsf"
  noValidate={false}
  onSubmit={[Function]}
>
  <div
    className="grouped equal width fields"
  >
    <div>
      <p>
        <input
          autoFocus={false}
          defaultValue=""
          disabled={false}
          id="root"
          onChange={[Function]}
          type="file"
        />
      </p>
    </div>
  </div>
  <button
    className="ui primary button"
    onClick={[Function]}
    type="submit"
  >
    Submit
  </button>
</form>
`;

exports[`single fields string field format email 1`] = `
<form
  className="ui form rjsf"
  noValidate={false}
  onSubmit={[Function]}
>
  <div
    className="grouped equal width fields"
  >
    <div
      className="field"
    >
      <div
        className="ui fluid input"
      >
        <input
          autoFocus={false}
          disabled={false}
          id="root"
          onBlur={[Function]}
          onChange={[Function]}
          onFocus={[Function]}
          type="email"
          value=""
        />
      </div>
    </div>
  </div>
  <button
    className="ui primary button"
    onClick={[Function]}
    type="submit"
  >
    Submit
  </button>
</form>
`;

exports[`single fields string field format uri 1`] = `
<form
  className="ui form rjsf"
  noValidate={false}
  onSubmit={[Function]}
>
  <div
    className="grouped equal width fields"
  >
    <div
      className="field"
    >
      <div
        className="ui fluid input"
      >
        <input
          autoFocus={false}
          disabled={false}
          id="root"
          onBlur={[Function]}
          onChange={[Function]}
          onFocus={[Function]}
          type="url"
          value=""
        />
      </div>
    </div>
  </div>
  <button
    className="ui primary button"
    onClick={[Function]}
    type="submit"
  >
    Submit
  </button>
</form>
`;

exports[`single fields string field regular 1`] = `
<form
  className="ui form rjsf"
  noValidate={false}
  onSubmit={[Function]}
>
  <div
    className="grouped equal width fields"
  >
    <div
      className="field"
    >
      <div
        className="ui fluid input"
      >
        <input
          autoFocus={false}
          disabled={false}
          id="root"
          onBlur={[Function]}
          onChange={[Function]}
          onFocus={[Function]}
          placeholder=""
          type="text"
          value=""
        />
      </div>
    </div>
  </div>
  <button
    className="ui primary button"
    onClick={[Function]}
    type="submit"
  >
    Submit
  </button>
</form>
`;

exports[`single fields unsupported field 1`] = `
<form
  className="ui form rjsf"
  noValidate={false}
  onSubmit={[Function]}
>
  <div
    className="grouped equal width fields"
  >
    <div
      className="unsupported-field"
    >
      <p>
        Unsupported field schema
        <span>
           for
           field 
          <code>
            root
          </code>
        </span>
        <em>
          : 
          Unknown field type undefined
        </em>
        .
      </p>
      <pre>
        {}
      </pre>
    </div>
  </div>
  <button
    className="ui primary button"
    onClick={[Function]}
    type="submit"
  >
    Submit
  </button>
</form>
`;
