// Jest Snapshot v1, https://goo.gl/fbAQLP

exports[`renders 0 as 0 and not '' 1`] = `
<div
  className="MuiFormControl-root MuiFormControl-fullWidth css-q8hpuo-MuiFormControl-root"
>
  <label
    className="MuiInputLabel-root MuiInputLabel-formControl MuiInputLabel-animated MuiInputLabel-shrink MuiInputLabel-outlined MuiFormLabel-root MuiFormLabel-colorPrimary MuiFormLabel-filled Mui-required css-1sumxir-MuiFormLabel-root-MuiInputLabel-root"
    data-shrink={true}
  >
    Some simple label
    <span
      aria-hidden={true}
      className="MuiInputLabel-asterisk MuiFormLabel-asterisk css-wgai2y-MuiFormLabel-asterisk"
    >
      â€‰
      *
    </span>
  </label>
  <div
    className="MuiOutlinedInput-root MuiInputBase-root MuiInputBase-colorPrimary Mui-disabled MuiInputBase-formControl css-9ddj71-MuiInputBase-root-MuiOutlinedInput-root"
    onClick={[Function]}
    required={true}
  >
    <input
      aria-invalid={false}
      autoFocus={true}
      className="MuiOutlinedInput-input MuiInputBase-input Mui-disabled css-1t8l2tu-MuiInputBase-input-MuiOutlinedInput-input"
      disabled={true}
      id="_id"
      onAnimationStart={[Function]}
      onBlur={[Function]}
      onChange={[Function]}
      onFocus={[Function]}
      required={true}
      type="number"
      value={0}
    />
    <fieldset
      aria-hidden={true}
      className="MuiOutlinedInput-notchedOutline css-1d3z3hw-MuiOutlinedInput-notchedOutline"
    >
      <legend
        className="css-nnbavb"
      >
        <span
          className="notranslate"
          dangerouslySetInnerHTML={
            Object {
              "__html": "&#8203;",
            }
          }
        />
      </legend>
    </fieldset>
  </div>
</div>
`;
