// Jest Snapshot v1, https://goo.gl/fbAQLP

exports[`renders 0 as 0 and not '' 1`] = `
<div
  className="MuiFormControl-root MuiFormControl-fullWidth"
>
  <label
    className="MuiFormLabel-root MuiInputLabel-root MuiInputLabel-formControl MuiInputLabel-animated MuiInputLabel-shrink MuiFormLabel-filled Mui-required Mui-required"
    data-shrink={true}
  >
    Some simple label
    <span
      aria-hidden={true}
      className="MuiFormLabel-asterisk MuiInputLabel-asterisk"
    >
      â€‰
      *
    </span>
  </label>
  <div
    className="MuiInputBase-root MuiOutlinedInput-root Mui-disabled Mui-disabled MuiInputBase-formControl"
    onClick={[Function]}
    required={true}
  >
    <input
      aria-invalid={false}
      autoFocus={true}
      className="MuiInputBase-input MuiOutlinedInput-input Mui-disabled Mui-disabled"
      disabled={true}
      id="_id"
      onAnimationStart={[Function]}
      onBlur={[Function]}
      onChange={[Function]}
      onFocus={[Function]}
      required={true}
      type="number"
      value={0}
    />
    <fieldset
      aria-hidden={true}
      className="PrivateNotchedOutline-root-1 MuiOutlinedInput-notchedOutline"
      style={
        Object {
          "paddingLeft": 8,
        }
      }
    >
      <legend
        className="PrivateNotchedOutline-legend-2"
        style={
          Object {
            "width": 0.01,
          }
        }
      >
        <span
          dangerouslySetInnerHTML={
            Object {
              "__html": "&#8203;",
            }
          }
        />
      </legend>
    </fieldset>
  </div>
</div>
`;
